// Jest Snapshot v1, https://goo.gl/fbAQLP

exports[`LinksContent Page component Correctly renders 1`] = `
Object {
  "asFragment": [Function],
  "baseElement": <body>
    <div>
      <div>
        <div
          class="MuiGrid-root MuiGrid-container MuiGrid-spacing-xs-3"
        >
          <div
            class="MuiGrid-root classes.missioncontextcontainer MuiGrid-item MuiGrid-grid-xs-12"
          />
          <div
            class="MuiGrid-root MuiGrid-item MuiGrid-grid-xs-3"
          >
            <div>
              <div
                class="MuiGrid-root classes.container MuiGrid-container"
              >
                <div
                  class="MuiGrid-root MuiGrid-item MuiGrid-grid-xs-6"
                  style="padding: 20px; max-width: 100px;"
                >
                  <div
                    class="MuiBox-root MuiBox-root-9"
                  >
                    <div>
                      <div
                        class="MuiGrid-root MuiGrid-container"
                        style="padding: 20px;"
                      >
                        <div
                          class="MuiPaper-root MuiCard-root makeStyles-root-3 MuiPaper-elevation1 MuiPaper-rounded"
                        >
                          <div
                            class="MuiCardHeader-root"
                          >
                            <div
                              class="MuiCardHeader-avatar"
                            >
                              <div
                                aria-label="card"
                                class="MuiAvatar-root MuiAvatar-circle makeStyles-avatar-8 MuiAvatar-colorDefault"
                              >
                                R
                              </div>
                            </div>
                            <div
                              class="MuiCardHeader-content"
                            >
                              <span
                                class="MuiTypography-root MuiCardHeader-title MuiTypography-body2 MuiTypography-displayBlock"
                              >
                                Robonaut 2
                              </span>
                            </div>
                            <div
                              class="MuiCardHeader-action"
                            >
                              <button
                                aria-label="settings"
                                class="MuiButtonBase-root MuiIconButton-root makeStyles-avatar-8"
                                tabindex="0"
                                type="button"
                              >
                                <span
                                  class="MuiIconButton-label"
                                >
                                  <svg
                                    aria-hidden="true"
                                    class="MuiSvgIcon-root"
                                    focusable="false"
                                    viewBox="0 0 24 24"
                                  >
                                    <path
                                      d="M12 8c1.1 0 2-.9 2-2s-.9-2-2-2-2 .9-2 2 .9 2 2 2zm0 2c-1.1 0-2 .9-2 2s.9 2 2 2 2-.9 2-2-.9-2-2-2zm0 6c-1.1 0-2 .9-2 2s.9 2 2 2 2-.9 2-2-.9-2-2-2z"
                                    />
                                  </svg>
                                </span>
                                <span
                                  class="MuiTouchRipple-root"
                                />
                              </button>
                            </div>
                          </div>
                          <div
                            class="MuiCardMedia-root makeStyles-media-5"
                            style="background-image: url(http://localhost:8080/getstaticimage/robonaut2.jpg); height: 300px; width: 250px;"
                            title="Robonaut 2"
                          />
                          <div
                            class="MuiCardContent-root"
                          >
                            <p
                              class="MuiTypography-root MuiTypography-body2 MuiTypography-colorPrimary"
                            >
                              A Robonaut is a dexterous humanoid robot built and designed at NASA Johnson Space Center in Houston, Texas. Our challenge is to build machines that can help humans work and explore in space. Working side by side with humans, or going where the risks are too great for people.
                            </p>
                          </div>
                          <div
                            class="MuiCardActions-root"
                          >
                            <button
                              aria-label="add to favorites"
                              class="MuiButtonBase-root MuiIconButton-root makeStyles-avatar-8"
                              tabindex="0"
                              type="button"
                            >
                              <span
                                class="MuiIconButton-label"
                              >
                                <svg
                                  aria-hidden="true"
                                  class="MuiSvgIcon-root"
                                  focusable="false"
                                  viewBox="0 0 24 24"
                                >
                                  <path
                                    d="M12 21.35l-1.45-1.32C5.4 15.36 2 12.28 2 8.5 2 5.42 4.42 3 7.5 3c1.74 0 3.41.81 4.5 2.09C13.09 3.81 14.76 3 16.5 3 19.58 3 22 5.42 22 8.5c0 3.78-3.4 6.86-8.55 11.54L12 21.35z"
                                  />
                                </svg>
                              </span>
                              <span
                                class="MuiTouchRipple-root"
                              />
                            </button>
                            <button
                              aria-label="share"
                              class="MuiButtonBase-root MuiIconButton-root makeStyles-avatar-8"
                              tabindex="0"
                              type="button"
                            >
                              <span
                                class="MuiIconButton-label"
                              >
                                <svg
                                  aria-hidden="true"
                                  class="MuiSvgIcon-root"
                                  focusable="false"
                                  viewBox="0 0 24 24"
                                >
                                  <path
                                    d="M18 16.08c-.76 0-1.44.3-1.96.77L8.91 12.7c.05-.23.09-.46.09-.7s-.04-.47-.09-.7l7.05-4.11c.54.5 1.25.81 2.04.81 1.66 0 3-1.34 3-3s-1.34-3-3-3-3 1.34-3 3c0 .24.04.47.09.7L8.04 9.81C7.5 9.31 6.79 9 6 9c-1.66 0-3 1.34-3 3s1.34 3 3 3c.79 0 1.5-.31 2.04-.81l7.12 4.16c-.05.21-.08.43-.08.65 0 1.61 1.31 2.92 2.92 2.92 1.61 0 2.92-1.31 2.92-2.92s-1.31-2.92-2.92-2.92z"
                                  />
                                </svg>
                              </span>
                              <span
                                class="MuiTouchRipple-root"
                              />
                            </button>
                            <button
                              aria-expanded="false"
                              aria-label="show more"
                              class="MuiButtonBase-root MuiIconButton-root makeStyles-expand-6"
                              primary="colorPrimary"
                              tabindex="0"
                              type="button"
                            >
                              <span
                                class="MuiIconButton-label"
                              >
                                <svg
                                  aria-hidden="true"
                                  class="MuiSvgIcon-root makeStyles-avatar-8"
                                  focusable="false"
                                  viewBox="0 0 24 24"
                                >
                                  <path
                                    d="M16.59 8.59L12 13.17 7.41 8.59 6 10l6 6 6-6z"
                                  />
                                </svg>
                              </span>
                              <span
                                class="MuiTouchRipple-root"
                              />
                            </button>
                          </div>
                        </div>
                      </div>
                    </div>
                    <div>
                      <div
                        class="MuiGrid-root MuiGrid-container"
                        style="padding: 20px;"
                      >
                        <div
                          class="MuiPaper-root MuiCard-root makeStyles-root-3 MuiPaper-elevation1 MuiPaper-rounded"
                        >
                          <div
                            class="MuiCardHeader-root"
                          >
                            <div
                              class="MuiCardHeader-avatar"
                            >
                              <div
                                aria-label="card"
                                class="MuiAvatar-root MuiAvatar-circle makeStyles-avatar-8 MuiAvatar-colorDefault"
                              >
                                R
                              </div>
                            </div>
                            <div
                              class="MuiCardHeader-content"
                            >
                              <span
                                class="MuiTypography-root MuiCardHeader-title MuiTypography-body2 MuiTypography-displayBlock"
                              >
                                Mars Helicopter
                              </span>
                            </div>
                            <div
                              class="MuiCardHeader-action"
                            >
                              <button
                                aria-label="settings"
                                class="MuiButtonBase-root MuiIconButton-root makeStyles-avatar-8"
                                tabindex="0"
                                type="button"
                              >
                                <span
                                  class="MuiIconButton-label"
                                >
                                  <svg
                                    aria-hidden="true"
                                    class="MuiSvgIcon-root"
                                    focusable="false"
                                    viewBox="0 0 24 24"
                                  >
                                    <path
                                      d="M12 8c1.1 0 2-.9 2-2s-.9-2-2-2-2 .9-2 2 .9 2 2 2zm0 2c-1.1 0-2 .9-2 2s.9 2 2 2 2-.9 2-2-.9-2-2-2zm0 6c-1.1 0-2 .9-2 2s.9 2 2 2 2-.9 2-2-.9-2-2-2z"
                                    />
                                  </svg>
                                </span>
                                <span
                                  class="MuiTouchRipple-root"
                                />
                              </button>
                            </div>
                          </div>
                          <div
                            class="MuiCardMedia-root makeStyles-media-5"
                            style="background-image: url(http://localhost:8080/getstaticimage/marscopter.jpg); height: 300px; width: 250px;"
                            title="Mars Helicopter"
                          />
                          <div
                            class="MuiCardContent-root"
                          >
                            <p
                              class="MuiTypography-root MuiTypography-body2 MuiTypography-colorPrimary"
                            >
                              The helicopter, which weighs about 4 pounds (1.8 kilograms) on Earth and has a fuselage about the size of a tissue box, started out six years ago as an implausible prospect. Engineers at NASA’s Jet Propulsion Laboratory in Southern California knew it was theoretically possible to fly in Mars’ thin atmosphere, but no one was sure whether they could build a vehicle powerful enough to fly, communicate, and survive autonomously with the extreme restrictions on its mass.
                            </p>
                          </div>
                          <div
                            class="MuiCardActions-root"
                          >
                            <button
                              aria-label="add to favorites"
                              class="MuiButtonBase-root MuiIconButton-root makeStyles-avatar-8"
                              tabindex="0"
                              type="button"
                            >
                              <span
                                class="MuiIconButton-label"
                              >
                                <svg
                                  aria-hidden="true"
                                  class="MuiSvgIcon-root"
                                  focusable="false"
                                  viewBox="0 0 24 24"
                                >
                                  <path
                                    d="M12 21.35l-1.45-1.32C5.4 15.36 2 12.28 2 8.5 2 5.42 4.42 3 7.5 3c1.74 0 3.41.81 4.5 2.09C13.09 3.81 14.76 3 16.5 3 19.58 3 22 5.42 22 8.5c0 3.78-3.4 6.86-8.55 11.54L12 21.35z"
                                  />
                                </svg>
                              </span>
                              <span
                                class="MuiTouchRipple-root"
                              />
                            </button>
                            <button
                              aria-label="share"
                              class="MuiButtonBase-root MuiIconButton-root makeStyles-avatar-8"
                              tabindex="0"
                              type="button"
                            >
                              <span
                                class="MuiIconButton-label"
                              >
                                <svg
                                  aria-hidden="true"
                                  class="MuiSvgIcon-root"
                                  focusable="false"
                                  viewBox="0 0 24 24"
                                >
                                  <path
                                    d="M18 16.08c-.76 0-1.44.3-1.96.77L8.91 12.7c.05-.23.09-.46.09-.7s-.04-.47-.09-.7l7.05-4.11c.54.5 1.25.81 2.04.81 1.66 0 3-1.34 3-3s-1.34-3-3-3-3 1.34-3 3c0 .24.04.47.09.7L8.04 9.81C7.5 9.31 6.79 9 6 9c-1.66 0-3 1.34-3 3s1.34 3 3 3c.79 0 1.5-.31 2.04-.81l7.12 4.16c-.05.21-.08.43-.08.65 0 1.61 1.31 2.92 2.92 2.92 1.61 0 2.92-1.31 2.92-2.92s-1.31-2.92-2.92-2.92z"
                                  />
                                </svg>
                              </span>
                              <span
                                class="MuiTouchRipple-root"
                              />
                            </button>
                            <button
                              aria-expanded="false"
                              aria-label="show more"
                              class="MuiButtonBase-root MuiIconButton-root makeStyles-expand-6"
                              primary="colorPrimary"
                              tabindex="0"
                              type="button"
                            >
                              <span
                                class="MuiIconButton-label"
                              >
                                <svg
                                  aria-hidden="true"
                                  class="MuiSvgIcon-root makeStyles-avatar-8"
                                  focusable="false"
                                  viewBox="0 0 24 24"
                                >
                                  <path
                                    d="M16.59 8.59L12 13.17 7.41 8.59 6 10l6 6 6-6z"
                                  />
                                </svg>
                              </span>
                              <span
                                class="MuiTouchRipple-root"
                              />
                            </button>
                          </div>
                        </div>
                      </div>
                    </div>
                    <div>
                      <div
                        class="MuiGrid-root MuiGrid-container"
                        style="padding: 20px;"
                      >
                        <div
                          class="MuiPaper-root MuiCard-root makeStyles-root-3 MuiPaper-elevation1 MuiPaper-rounded"
                        >
                          <div
                            class="MuiCardHeader-root"
                          >
                            <div
                              class="MuiCardHeader-avatar"
                            >
                              <div
                                aria-label="card"
                                class="MuiAvatar-root MuiAvatar-circle makeStyles-avatar-8 MuiAvatar-colorDefault"
                              >
                                R
                              </div>
                            </div>
                            <div
                              class="MuiCardHeader-content"
                            >
                              <span
                                class="MuiTypography-root MuiCardHeader-title MuiTypography-body2 MuiTypography-displayBlock"
                              >
                                Artemis
                              </span>
                            </div>
                            <div
                              class="MuiCardHeader-action"
                            >
                              <button
                                aria-label="settings"
                                class="MuiButtonBase-root MuiIconButton-root makeStyles-avatar-8"
                                tabindex="0"
                                type="button"
                              >
                                <span
                                  class="MuiIconButton-label"
                                >
                                  <svg
                                    aria-hidden="true"
                                    class="MuiSvgIcon-root"
                                    focusable="false"
                                    viewBox="0 0 24 24"
                                  >
                                    <path
                                      d="M12 8c1.1 0 2-.9 2-2s-.9-2-2-2-2 .9-2 2 .9 2 2 2zm0 2c-1.1 0-2 .9-2 2s.9 2 2 2 2-.9 2-2-.9-2-2-2zm0 6c-1.1 0-2 .9-2 2s.9 2 2 2 2-.9 2-2-.9-2-2-2z"
                                    />
                                  </svg>
                                </span>
                                <span
                                  class="MuiTouchRipple-root"
                                />
                              </button>
                            </div>
                          </div>
                          <div
                            class="MuiCardMedia-root makeStyles-media-5"
                            style="background-image: url(http://localhost:8080/getstaticimage/artemis.jpg); height: 300px; width: 250px;"
                            title="Artemis"
                          />
                          <div
                            class="MuiCardContent-root"
                          >
                            <p
                              class="MuiTypography-root MuiTypography-body2 MuiTypography-colorPrimary"
                            >
                              America is going back to the Moon, and NASA will use what it learns during the Artemis program to prepare for humanity's next giant leap: sending astronauts to Mars. Artemis is part of the steppingstone approach that will build on research conducted in ground analogs and on the International Space Station to help NASA identify ways to keep astronauts safe, healthy, and productive during future missions to Mars.
                            </p>
                          </div>
                          <div
                            class="MuiCardActions-root"
                          >
                            <button
                              aria-label="add to favorites"
                              class="MuiButtonBase-root MuiIconButton-root makeStyles-avatar-8"
                              tabindex="0"
                              type="button"
                            >
                              <span
                                class="MuiIconButton-label"
                              >
                                <svg
                                  aria-hidden="true"
                                  class="MuiSvgIcon-root"
                                  focusable="false"
                                  viewBox="0 0 24 24"
                                >
                                  <path
                                    d="M12 21.35l-1.45-1.32C5.4 15.36 2 12.28 2 8.5 2 5.42 4.42 3 7.5 3c1.74 0 3.41.81 4.5 2.09C13.09 3.81 14.76 3 16.5 3 19.58 3 22 5.42 22 8.5c0 3.78-3.4 6.86-8.55 11.54L12 21.35z"
                                  />
                                </svg>
                              </span>
                              <span
                                class="MuiTouchRipple-root"
                              />
                            </button>
                            <button
                              aria-label="share"
                              class="MuiButtonBase-root MuiIconButton-root makeStyles-avatar-8"
                              tabindex="0"
                              type="button"
                            >
                              <span
                                class="MuiIconButton-label"
                              >
                                <svg
                                  aria-hidden="true"
                                  class="MuiSvgIcon-root"
                                  focusable="false"
                                  viewBox="0 0 24 24"
                                >
                                  <path
                                    d="M18 16.08c-.76 0-1.44.3-1.96.77L8.91 12.7c.05-.23.09-.46.09-.7s-.04-.47-.09-.7l7.05-4.11c.54.5 1.25.81 2.04.81 1.66 0 3-1.34 3-3s-1.34-3-3-3-3 1.34-3 3c0 .24.04.47.09.7L8.04 9.81C7.5 9.31 6.79 9 6 9c-1.66 0-3 1.34-3 3s1.34 3 3 3c.79 0 1.5-.31 2.04-.81l7.12 4.16c-.05.21-.08.43-.08.65 0 1.61 1.31 2.92 2.92 2.92 1.61 0 2.92-1.31 2.92-2.92s-1.31-2.92-2.92-2.92z"
                                  />
                                </svg>
                              </span>
                              <span
                                class="MuiTouchRipple-root"
                              />
                            </button>
                            <button
                              aria-expanded="false"
                              aria-label="show more"
                              class="MuiButtonBase-root MuiIconButton-root makeStyles-expand-6"
                              primary="colorPrimary"
                              tabindex="0"
                              type="button"
                            >
                              <span
                                class="MuiIconButton-label"
                              >
                                <svg
                                  aria-hidden="true"
                                  class="MuiSvgIcon-root makeStyles-avatar-8"
                                  focusable="false"
                                  viewBox="0 0 24 24"
                                >
                                  <path
                                    d="M16.59 8.59L12 13.17 7.41 8.59 6 10l6 6 6-6z"
                                  />
                                </svg>
                              </span>
                              <span
                                class="MuiTouchRipple-root"
                              />
                            </button>
                          </div>
                        </div>
                      </div>
                    </div>
                    <div>
                      <div
                        class="MuiGrid-root MuiGrid-container"
                        style="padding: 20px;"
                      >
                        <div
                          class="MuiPaper-root MuiCard-root makeStyles-root-3 MuiPaper-elevation1 MuiPaper-rounded"
                        >
                          <div
                            class="MuiCardHeader-root"
                          >
                            <div
                              class="MuiCardHeader-avatar"
                            >
                              <div
                                aria-label="card"
                                class="MuiAvatar-root MuiAvatar-circle makeStyles-avatar-8 MuiAvatar-colorDefault"
                              >
                                R
                              </div>
                            </div>
                            <div
                              class="MuiCardHeader-content"
                            >
                              <span
                                class="MuiTypography-root MuiCardHeader-title MuiTypography-body2 MuiTypography-displayBlock"
                              >
                                Lucy
                              </span>
                            </div>
                            <div
                              class="MuiCardHeader-action"
                            >
                              <button
                                aria-label="settings"
                                class="MuiButtonBase-root MuiIconButton-root makeStyles-avatar-8"
                                tabindex="0"
                                type="button"
                              >
                                <span
                                  class="MuiIconButton-label"
                                >
                                  <svg
                                    aria-hidden="true"
                                    class="MuiSvgIcon-root"
                                    focusable="false"
                                    viewBox="0 0 24 24"
                                  >
                                    <path
                                      d="M12 8c1.1 0 2-.9 2-2s-.9-2-2-2-2 .9-2 2 .9 2 2 2zm0 2c-1.1 0-2 .9-2 2s.9 2 2 2 2-.9 2-2-.9-2-2-2zm0 6c-1.1 0-2 .9-2 2s.9 2 2 2 2-.9 2-2-.9-2-2-2z"
                                    />
                                  </svg>
                                </span>
                                <span
                                  class="MuiTouchRipple-root"
                                />
                              </button>
                            </div>
                          </div>
                          <div
                            class="MuiCardMedia-root makeStyles-media-5"
                            style="background-image: url(http://localhost:8080/getstaticimage/lucy.jpg); height: 300px; width: 250px;"
                            title="Lucy"
                          />
                          <div
                            class="MuiCardContent-root"
                          >
                            <p
                              class="MuiTypography-root MuiTypography-body2 MuiTypography-colorPrimary"
                            >
                              Seen here in late 2020 nearly fully assembled, the 13-foot tall (about 4 meters) Lucy spacecraft is lifted back to its dolly as the Lockheed Martin team in Denver, Colorado, continues production.
                            </p>
                          </div>
                          <div
                            class="MuiCardActions-root"
                          >
                            <button
                              aria-label="add to favorites"
                              class="MuiButtonBase-root MuiIconButton-root makeStyles-avatar-8"
                              tabindex="0"
                              type="button"
                            >
                              <span
                                class="MuiIconButton-label"
                              >
                                <svg
                                  aria-hidden="true"
                                  class="MuiSvgIcon-root"
                                  focusable="false"
                                  viewBox="0 0 24 24"
                                >
                                  <path
                                    d="M12 21.35l-1.45-1.32C5.4 15.36 2 12.28 2 8.5 2 5.42 4.42 3 7.5 3c1.74 0 3.41.81 4.5 2.09C13.09 3.81 14.76 3 16.5 3 19.58 3 22 5.42 22 8.5c0 3.78-3.4 6.86-8.55 11.54L12 21.35z"
                                  />
                                </svg>
                              </span>
                              <span
                                class="MuiTouchRipple-root"
                              />
                            </button>
                            <button
                              aria-label="share"
                              class="MuiButtonBase-root MuiIconButton-root makeStyles-avatar-8"
                              tabindex="0"
                              type="button"
                            >
                              <span
                                class="MuiIconButton-label"
                              >
                                <svg
                                  aria-hidden="true"
                                  class="MuiSvgIcon-root"
                                  focusable="false"
                                  viewBox="0 0 24 24"
                                >
                                  <path
                                    d="M18 16.08c-.76 0-1.44.3-1.96.77L8.91 12.7c.05-.23.09-.46.09-.7s-.04-.47-.09-.7l7.05-4.11c.54.5 1.25.81 2.04.81 1.66 0 3-1.34 3-3s-1.34-3-3-3-3 1.34-3 3c0 .24.04.47.09.7L8.04 9.81C7.5 9.31 6.79 9 6 9c-1.66 0-3 1.34-3 3s1.34 3 3 3c.79 0 1.5-.31 2.04-.81l7.12 4.16c-.05.21-.08.43-.08.65 0 1.61 1.31 2.92 2.92 2.92 1.61 0 2.92-1.31 2.92-2.92s-1.31-2.92-2.92-2.92z"
                                  />
                                </svg>
                              </span>
                              <span
                                class="MuiTouchRipple-root"
                              />
                            </button>
                            <button
                              aria-expanded="false"
                              aria-label="show more"
                              class="MuiButtonBase-root MuiIconButton-root makeStyles-expand-6"
                              primary="colorPrimary"
                              tabindex="0"
                              type="button"
                            >
                              <span
                                class="MuiIconButton-label"
                              >
                                <svg
                                  aria-hidden="true"
                                  class="MuiSvgIcon-root makeStyles-avatar-8"
                                  focusable="false"
                                  viewBox="0 0 24 24"
                                >
                                  <path
                                    d="M16.59 8.59L12 13.17 7.41 8.59 6 10l6 6 6-6z"
                                  />
                                </svg>
                              </span>
                              <span
                                class="MuiTouchRipple-root"
                              />
                            </button>
                          </div>
                        </div>
                      </div>
                    </div>
                  </div>
                </div>
              </div>
            </div>
          </div>
        </div>
      </div>
    </div>
  </body>,
  "container": <div>
    <div>
      <div
        class="MuiGrid-root MuiGrid-container MuiGrid-spacing-xs-3"
      >
        <div
          class="MuiGrid-root classes.missioncontextcontainer MuiGrid-item MuiGrid-grid-xs-12"
        />
        <div
          class="MuiGrid-root MuiGrid-item MuiGrid-grid-xs-3"
        >
          <div>
            <div
              class="MuiGrid-root classes.container MuiGrid-container"
            >
              <div
                class="MuiGrid-root MuiGrid-item MuiGrid-grid-xs-6"
                style="padding: 20px; max-width: 100px;"
              >
                <div
                  class="MuiBox-root MuiBox-root-9"
                >
                  <div>
                    <div
                      class="MuiGrid-root MuiGrid-container"
                      style="padding: 20px;"
                    >
                      <div
                        class="MuiPaper-root MuiCard-root makeStyles-root-3 MuiPaper-elevation1 MuiPaper-rounded"
                      >
                        <div
                          class="MuiCardHeader-root"
                        >
                          <div
                            class="MuiCardHeader-avatar"
                          >
                            <div
                              aria-label="card"
                              class="MuiAvatar-root MuiAvatar-circle makeStyles-avatar-8 MuiAvatar-colorDefault"
                            >
                              R
                            </div>
                          </div>
                          <div
                            class="MuiCardHeader-content"
                          >
                            <span
                              class="MuiTypography-root MuiCardHeader-title MuiTypography-body2 MuiTypography-displayBlock"
                            >
                              Robonaut 2
                            </span>
                          </div>
                          <div
                            class="MuiCardHeader-action"
                          >
                            <button
                              aria-label="settings"
                              class="MuiButtonBase-root MuiIconButton-root makeStyles-avatar-8"
                              tabindex="0"
                              type="button"
                            >
                              <span
                                class="MuiIconButton-label"
                              >
                                <svg
                                  aria-hidden="true"
                                  class="MuiSvgIcon-root"
                                  focusable="false"
                                  viewBox="0 0 24 24"
                                >
                                  <path
                                    d="M12 8c1.1 0 2-.9 2-2s-.9-2-2-2-2 .9-2 2 .9 2 2 2zm0 2c-1.1 0-2 .9-2 2s.9 2 2 2 2-.9 2-2-.9-2-2-2zm0 6c-1.1 0-2 .9-2 2s.9 2 2 2 2-.9 2-2-.9-2-2-2z"
                                  />
                                </svg>
                              </span>
                              <span
                                class="MuiTouchRipple-root"
                              />
                            </button>
                          </div>
                        </div>
                        <div
                          class="MuiCardMedia-root makeStyles-media-5"
                          style="background-image: url(http://localhost:8080/getstaticimage/robonaut2.jpg); height: 300px; width: 250px;"
                          title="Robonaut 2"
                        />
                        <div
                          class="MuiCardContent-root"
                        >
                          <p
                            class="MuiTypography-root MuiTypography-body2 MuiTypography-colorPrimary"
                          >
                            A Robonaut is a dexterous humanoid robot built and designed at NASA Johnson Space Center in Houston, Texas. Our challenge is to build machines that can help humans work and explore in space. Working side by side with humans, or going where the risks are too great for people.
                          </p>
                        </div>
                        <div
                          class="MuiCardActions-root"
                        >
                          <button
                            aria-label="add to favorites"
                            class="MuiButtonBase-root MuiIconButton-root makeStyles-avatar-8"
                            tabindex="0"
                            type="button"
                          >
                            <span
                              class="MuiIconButton-label"
                            >
                              <svg
                                aria-hidden="true"
                                class="MuiSvgIcon-root"
                                focusable="false"
                                viewBox="0 0 24 24"
                              >
                                <path
                                  d="M12 21.35l-1.45-1.32C5.4 15.36 2 12.28 2 8.5 2 5.42 4.42 3 7.5 3c1.74 0 3.41.81 4.5 2.09C13.09 3.81 14.76 3 16.5 3 19.58 3 22 5.42 22 8.5c0 3.78-3.4 6.86-8.55 11.54L12 21.35z"
                                />
                              </svg>
                            </span>
                            <span
                              class="MuiTouchRipple-root"
                            />
                          </button>
                          <button
                            aria-label="share"
                            class="MuiButtonBase-root MuiIconButton-root makeStyles-avatar-8"
                            tabindex="0"
                            type="button"
                          >
                            <span
                              class="MuiIconButton-label"
                            >
                              <svg
                                aria-hidden="true"
                                class="MuiSvgIcon-root"
                                focusable="false"
                                viewBox="0 0 24 24"
                              >
                                <path
                                  d="M18 16.08c-.76 0-1.44.3-1.96.77L8.91 12.7c.05-.23.09-.46.09-.7s-.04-.47-.09-.7l7.05-4.11c.54.5 1.25.81 2.04.81 1.66 0 3-1.34 3-3s-1.34-3-3-3-3 1.34-3 3c0 .24.04.47.09.7L8.04 9.81C7.5 9.31 6.79 9 6 9c-1.66 0-3 1.34-3 3s1.34 3 3 3c.79 0 1.5-.31 2.04-.81l7.12 4.16c-.05.21-.08.43-.08.65 0 1.61 1.31 2.92 2.92 2.92 1.61 0 2.92-1.31 2.92-2.92s-1.31-2.92-2.92-2.92z"
                                />
                              </svg>
                            </span>
                            <span
                              class="MuiTouchRipple-root"
                            />
                          </button>
                          <button
                            aria-expanded="false"
                            aria-label="show more"
                            class="MuiButtonBase-root MuiIconButton-root makeStyles-expand-6"
                            primary="colorPrimary"
                            tabindex="0"
                            type="button"
                          >
                            <span
                              class="MuiIconButton-label"
                            >
                              <svg
                                aria-hidden="true"
                                class="MuiSvgIcon-root makeStyles-avatar-8"
                                focusable="false"
                                viewBox="0 0 24 24"
                              >
                                <path
                                  d="M16.59 8.59L12 13.17 7.41 8.59 6 10l6 6 6-6z"
                                />
                              </svg>
                            </span>
                            <span
                              class="MuiTouchRipple-root"
                            />
                          </button>
                        </div>
                      </div>
                    </div>
                  </div>
                  <div>
                    <div
                      class="MuiGrid-root MuiGrid-container"
                      style="padding: 20px;"
                    >
                      <div
                        class="MuiPaper-root MuiCard-root makeStyles-root-3 MuiPaper-elevation1 MuiPaper-rounded"
                      >
                        <div
                          class="MuiCardHeader-root"
                        >
                          <div
                            class="MuiCardHeader-avatar"
                          >
                            <div
                              aria-label="card"
                              class="MuiAvatar-root MuiAvatar-circle makeStyles-avatar-8 MuiAvatar-colorDefault"
                            >
                              R
                            </div>
                          </div>
                          <div
                            class="MuiCardHeader-content"
                          >
                            <span
                              class="MuiTypography-root MuiCardHeader-title MuiTypography-body2 MuiTypography-displayBlock"
                            >
                              Mars Helicopter
                            </span>
                          </div>
                          <div
                            class="MuiCardHeader-action"
                          >
                            <button
                              aria-label="settings"
                              class="MuiButtonBase-root MuiIconButton-root makeStyles-avatar-8"
                              tabindex="0"
                              type="button"
                            >
                              <span
                                class="MuiIconButton-label"
                              >
                                <svg
                                  aria-hidden="true"
                                  class="MuiSvgIcon-root"
                                  focusable="false"
                                  viewBox="0 0 24 24"
                                >
                                  <path
                                    d="M12 8c1.1 0 2-.9 2-2s-.9-2-2-2-2 .9-2 2 .9 2 2 2zm0 2c-1.1 0-2 .9-2 2s.9 2 2 2 2-.9 2-2-.9-2-2-2zm0 6c-1.1 0-2 .9-2 2s.9 2 2 2 2-.9 2-2-.9-2-2-2z"
                                  />
                                </svg>
                              </span>
                              <span
                                class="MuiTouchRipple-root"
                              />
                            </button>
                          </div>
                        </div>
                        <div
                          class="MuiCardMedia-root makeStyles-media-5"
                          style="background-image: url(http://localhost:8080/getstaticimage/marscopter.jpg); height: 300px; width: 250px;"
                          title="Mars Helicopter"
                        />
                        <div
                          class="MuiCardContent-root"
                        >
                          <p
                            class="MuiTypography-root MuiTypography-body2 MuiTypography-colorPrimary"
                          >
                            The helicopter, which weighs about 4 pounds (1.8 kilograms) on Earth and has a fuselage about the size of a tissue box, started out six years ago as an implausible prospect. Engineers at NASA’s Jet Propulsion Laboratory in Southern California knew it was theoretically possible to fly in Mars’ thin atmosphere, but no one was sure whether they could build a vehicle powerful enough to fly, communicate, and survive autonomously with the extreme restrictions on its mass.
                          </p>
                        </div>
                        <div
                          class="MuiCardActions-root"
                        >
                          <button
                            aria-label="add to favorites"
                            class="MuiButtonBase-root MuiIconButton-root makeStyles-avatar-8"
                            tabindex="0"
                            type="button"
                          >
                            <span
                              class="MuiIconButton-label"
                            >
                              <svg
                                aria-hidden="true"
                                class="MuiSvgIcon-root"
                                focusable="false"
                                viewBox="0 0 24 24"
                              >
                                <path
                                  d="M12 21.35l-1.45-1.32C5.4 15.36 2 12.28 2 8.5 2 5.42 4.42 3 7.5 3c1.74 0 3.41.81 4.5 2.09C13.09 3.81 14.76 3 16.5 3 19.58 3 22 5.42 22 8.5c0 3.78-3.4 6.86-8.55 11.54L12 21.35z"
                                />
                              </svg>
                            </span>
                            <span
                              class="MuiTouchRipple-root"
                            />
                          </button>
                          <button
                            aria-label="share"
                            class="MuiButtonBase-root MuiIconButton-root makeStyles-avatar-8"
                            tabindex="0"
                            type="button"
                          >
                            <span
                              class="MuiIconButton-label"
                            >
                              <svg
                                aria-hidden="true"
                                class="MuiSvgIcon-root"
                                focusable="false"
                                viewBox="0 0 24 24"
                              >
                                <path
                                  d="M18 16.08c-.76 0-1.44.3-1.96.77L8.91 12.7c.05-.23.09-.46.09-.7s-.04-.47-.09-.7l7.05-4.11c.54.5 1.25.81 2.04.81 1.66 0 3-1.34 3-3s-1.34-3-3-3-3 1.34-3 3c0 .24.04.47.09.7L8.04 9.81C7.5 9.31 6.79 9 6 9c-1.66 0-3 1.34-3 3s1.34 3 3 3c.79 0 1.5-.31 2.04-.81l7.12 4.16c-.05.21-.08.43-.08.65 0 1.61 1.31 2.92 2.92 2.92 1.61 0 2.92-1.31 2.92-2.92s-1.31-2.92-2.92-2.92z"
                                />
                              </svg>
                            </span>
                            <span
                              class="MuiTouchRipple-root"
                            />
                          </button>
                          <button
                            aria-expanded="false"
                            aria-label="show more"
                            class="MuiButtonBase-root MuiIconButton-root makeStyles-expand-6"
                            primary="colorPrimary"
                            tabindex="0"
                            type="button"
                          >
                            <span
                              class="MuiIconButton-label"
                            >
                              <svg
                                aria-hidden="true"
                                class="MuiSvgIcon-root makeStyles-avatar-8"
                                focusable="false"
                                viewBox="0 0 24 24"
                              >
                                <path
                                  d="M16.59 8.59L12 13.17 7.41 8.59 6 10l6 6 6-6z"
                                />
                              </svg>
                            </span>
                            <span
                              class="MuiTouchRipple-root"
                            />
                          </button>
                        </div>
                      </div>
                    </div>
                  </div>
                  <div>
                    <div
                      class="MuiGrid-root MuiGrid-container"
                      style="padding: 20px;"
                    >
                      <div
                        class="MuiPaper-root MuiCard-root makeStyles-root-3 MuiPaper-elevation1 MuiPaper-rounded"
                      >
                        <div
                          class="MuiCardHeader-root"
                        >
                          <div
                            class="MuiCardHeader-avatar"
                          >
                            <div
                              aria-label="card"
                              class="MuiAvatar-root MuiAvatar-circle makeStyles-avatar-8 MuiAvatar-colorDefault"
                            >
                              R
                            </div>
                          </div>
                          <div
                            class="MuiCardHeader-content"
                          >
                            <span
                              class="MuiTypography-root MuiCardHeader-title MuiTypography-body2 MuiTypography-displayBlock"
                            >
                              Artemis
                            </span>
                          </div>
                          <div
                            class="MuiCardHeader-action"
                          >
                            <button
                              aria-label="settings"
                              class="MuiButtonBase-root MuiIconButton-root makeStyles-avatar-8"
                              tabindex="0"
                              type="button"
                            >
                              <span
                                class="MuiIconButton-label"
                              >
                                <svg
                                  aria-hidden="true"
                                  class="MuiSvgIcon-root"
                                  focusable="false"
                                  viewBox="0 0 24 24"
                                >
                                  <path
                                    d="M12 8c1.1 0 2-.9 2-2s-.9-2-2-2-2 .9-2 2 .9 2 2 2zm0 2c-1.1 0-2 .9-2 2s.9 2 2 2 2-.9 2-2-.9-2-2-2zm0 6c-1.1 0-2 .9-2 2s.9 2 2 2 2-.9 2-2-.9-2-2-2z"
                                  />
                                </svg>
                              </span>
                              <span
                                class="MuiTouchRipple-root"
                              />
                            </button>
                          </div>
                        </div>
                        <div
                          class="MuiCardMedia-root makeStyles-media-5"
                          style="background-image: url(http://localhost:8080/getstaticimage/artemis.jpg); height: 300px; width: 250px;"
                          title="Artemis"
                        />
                        <div
                          class="MuiCardContent-root"
                        >
                          <p
                            class="MuiTypography-root MuiTypography-body2 MuiTypography-colorPrimary"
                          >
                            America is going back to the Moon, and NASA will use what it learns during the Artemis program to prepare for humanity's next giant leap: sending astronauts to Mars. Artemis is part of the steppingstone approach that will build on research conducted in ground analogs and on the International Space Station to help NASA identify ways to keep astronauts safe, healthy, and productive during future missions to Mars.
                          </p>
                        </div>
                        <div
                          class="MuiCardActions-root"
                        >
                          <button
                            aria-label="add to favorites"
                            class="MuiButtonBase-root MuiIconButton-root makeStyles-avatar-8"
                            tabindex="0"
                            type="button"
                          >
                            <span
                              class="MuiIconButton-label"
                            >
                              <svg
                                aria-hidden="true"
                                class="MuiSvgIcon-root"
                                focusable="false"
                                viewBox="0 0 24 24"
                              >
                                <path
                                  d="M12 21.35l-1.45-1.32C5.4 15.36 2 12.28 2 8.5 2 5.42 4.42 3 7.5 3c1.74 0 3.41.81 4.5 2.09C13.09 3.81 14.76 3 16.5 3 19.58 3 22 5.42 22 8.5c0 3.78-3.4 6.86-8.55 11.54L12 21.35z"
                                />
                              </svg>
                            </span>
                            <span
                              class="MuiTouchRipple-root"
                            />
                          </button>
                          <button
                            aria-label="share"
                            class="MuiButtonBase-root MuiIconButton-root makeStyles-avatar-8"
                            tabindex="0"
                            type="button"
                          >
                            <span
                              class="MuiIconButton-label"
                            >
                              <svg
                                aria-hidden="true"
                                class="MuiSvgIcon-root"
                                focusable="false"
                                viewBox="0 0 24 24"
                              >
                                <path
                                  d="M18 16.08c-.76 0-1.44.3-1.96.77L8.91 12.7c.05-.23.09-.46.09-.7s-.04-.47-.09-.7l7.05-4.11c.54.5 1.25.81 2.04.81 1.66 0 3-1.34 3-3s-1.34-3-3-3-3 1.34-3 3c0 .24.04.47.09.7L8.04 9.81C7.5 9.31 6.79 9 6 9c-1.66 0-3 1.34-3 3s1.34 3 3 3c.79 0 1.5-.31 2.04-.81l7.12 4.16c-.05.21-.08.43-.08.65 0 1.61 1.31 2.92 2.92 2.92 1.61 0 2.92-1.31 2.92-2.92s-1.31-2.92-2.92-2.92z"
                                />
                              </svg>
                            </span>
                            <span
                              class="MuiTouchRipple-root"
                            />
                          </button>
                          <button
                            aria-expanded="false"
                            aria-label="show more"
                            class="MuiButtonBase-root MuiIconButton-root makeStyles-expand-6"
                            primary="colorPrimary"
                            tabindex="0"
                            type="button"
                          >
                            <span
                              class="MuiIconButton-label"
                            >
                              <svg
                                aria-hidden="true"
                                class="MuiSvgIcon-root makeStyles-avatar-8"
                                focusable="false"
                                viewBox="0 0 24 24"
                              >
                                <path
                                  d="M16.59 8.59L12 13.17 7.41 8.59 6 10l6 6 6-6z"
                                />
                              </svg>
                            </span>
                            <span
                              class="MuiTouchRipple-root"
                            />
                          </button>
                        </div>
                      </div>
                    </div>
                  </div>
                  <div>
                    <div
                      class="MuiGrid-root MuiGrid-container"
                      style="padding: 20px;"
                    >
                      <div
                        class="MuiPaper-root MuiCard-root makeStyles-root-3 MuiPaper-elevation1 MuiPaper-rounded"
                      >
                        <div
                          class="MuiCardHeader-root"
                        >
                          <div
                            class="MuiCardHeader-avatar"
                          >
                            <div
                              aria-label="card"
                              class="MuiAvatar-root MuiAvatar-circle makeStyles-avatar-8 MuiAvatar-colorDefault"
                            >
                              R
                            </div>
                          </div>
                          <div
                            class="MuiCardHeader-content"
                          >
                            <span
                              class="MuiTypography-root MuiCardHeader-title MuiTypography-body2 MuiTypography-displayBlock"
                            >
                              Lucy
                            </span>
                          </div>
                          <div
                            class="MuiCardHeader-action"
                          >
                            <button
                              aria-label="settings"
                              class="MuiButtonBase-root MuiIconButton-root makeStyles-avatar-8"
                              tabindex="0"
                              type="button"
                            >
                              <span
                                class="MuiIconButton-label"
                              >
                                <svg
                                  aria-hidden="true"
                                  class="MuiSvgIcon-root"
                                  focusable="false"
                                  viewBox="0 0 24 24"
                                >
                                  <path
                                    d="M12 8c1.1 0 2-.9 2-2s-.9-2-2-2-2 .9-2 2 .9 2 2 2zm0 2c-1.1 0-2 .9-2 2s.9 2 2 2 2-.9 2-2-.9-2-2-2zm0 6c-1.1 0-2 .9-2 2s.9 2 2 2 2-.9 2-2-.9-2-2-2z"
                                  />
                                </svg>
                              </span>
                              <span
                                class="MuiTouchRipple-root"
                              />
                            </button>
                          </div>
                        </div>
                        <div
                          class="MuiCardMedia-root makeStyles-media-5"
                          style="background-image: url(http://localhost:8080/getstaticimage/lucy.jpg); height: 300px; width: 250px;"
                          title="Lucy"
                        />
                        <div
                          class="MuiCardContent-root"
                        >
                          <p
                            class="MuiTypography-root MuiTypography-body2 MuiTypography-colorPrimary"
                          >
                            Seen here in late 2020 nearly fully assembled, the 13-foot tall (about 4 meters) Lucy spacecraft is lifted back to its dolly as the Lockheed Martin team in Denver, Colorado, continues production.
                          </p>
                        </div>
                        <div
                          class="MuiCardActions-root"
                        >
                          <button
                            aria-label="add to favorites"
                            class="MuiButtonBase-root MuiIconButton-root makeStyles-avatar-8"
                            tabindex="0"
                            type="button"
                          >
                            <span
                              class="MuiIconButton-label"
                            >
                              <svg
                                aria-hidden="true"
                                class="MuiSvgIcon-root"
                                focusable="false"
                                viewBox="0 0 24 24"
                              >
                                <path
                                  d="M12 21.35l-1.45-1.32C5.4 15.36 2 12.28 2 8.5 2 5.42 4.42 3 7.5 3c1.74 0 3.41.81 4.5 2.09C13.09 3.81 14.76 3 16.5 3 19.58 3 22 5.42 22 8.5c0 3.78-3.4 6.86-8.55 11.54L12 21.35z"
                                />
                              </svg>
                            </span>
                            <span
                              class="MuiTouchRipple-root"
                            />
                          </button>
                          <button
                            aria-label="share"
                            class="MuiButtonBase-root MuiIconButton-root makeStyles-avatar-8"
                            tabindex="0"
                            type="button"
                          >
                            <span
                              class="MuiIconButton-label"
                            >
                              <svg
                                aria-hidden="true"
                                class="MuiSvgIcon-root"
                                focusable="false"
                                viewBox="0 0 24 24"
                              >
                                <path
                                  d="M18 16.08c-.76 0-1.44.3-1.96.77L8.91 12.7c.05-.23.09-.46.09-.7s-.04-.47-.09-.7l7.05-4.11c.54.5 1.25.81 2.04.81 1.66 0 3-1.34 3-3s-1.34-3-3-3-3 1.34-3 3c0 .24.04.47.09.7L8.04 9.81C7.5 9.31 6.79 9 6 9c-1.66 0-3 1.34-3 3s1.34 3 3 3c.79 0 1.5-.31 2.04-.81l7.12 4.16c-.05.21-.08.43-.08.65 0 1.61 1.31 2.92 2.92 2.92 1.61 0 2.92-1.31 2.92-2.92s-1.31-2.92-2.92-2.92z"
                                />
                              </svg>
                            </span>
                            <span
                              class="MuiTouchRipple-root"
                            />
                          </button>
                          <button
                            aria-expanded="false"
                            aria-label="show more"
                            class="MuiButtonBase-root MuiIconButton-root makeStyles-expand-6"
                            primary="colorPrimary"
                            tabindex="0"
                            type="button"
                          >
                            <span
                              class="MuiIconButton-label"
                            >
                              <svg
                                aria-hidden="true"
                                class="MuiSvgIcon-root makeStyles-avatar-8"
                                focusable="false"
                                viewBox="0 0 24 24"
                              >
                                <path
                                  d="M16.59 8.59L12 13.17 7.41 8.59 6 10l6 6 6-6z"
                                />
                              </svg>
                            </span>
                            <span
                              class="MuiTouchRipple-root"
                            />
                          </button>
                        </div>
                      </div>
                    </div>
                  </div>
                </div>
              </div>
            </div>
          </div>
        </div>
      </div>
    </div>
  </div>,
  "debug": [Function],
  "findAllByAltText": [Function],
  "findAllByDisplayValue": [Function],
  "findAllByLabelText": [Function],
  "findAllByPlaceholderText": [Function],
  "findAllByRole": [Function],
  "findAllByTestId": [Function],
  "findAllByText": [Function],
  "findAllByTitle": [Function],
  "findByAltText": [Function],
  "findByDisplayValue": [Function],
  "findByLabelText": [Function],
  "findByPlaceholderText": [Function],
  "findByRole": [Function],
  "findByTestId": [Function],
  "findByText": [Function],
  "findByTitle": [Function],
  "getAllByAltText": [Function],
  "getAllByDisplayValue": [Function],
  "getAllByLabelText": [Function],
  "getAllByPlaceholderText": [Function],
  "getAllByRole": [Function],
  "getAllByTestId": [Function],
  "getAllByText": [Function],
  "getAllByTitle": [Function],
  "getByAltText": [Function],
  "getByDisplayValue": [Function],
  "getByLabelText": [Function],
  "getByPlaceholderText": [Function],
  "getByRole": [Function],
  "getByTestId": [Function],
  "getByText": [Function],
  "getByTitle": [Function],
  "queryAllByAltText": [Function],
  "queryAllByDisplayValue": [Function],
  "queryAllByLabelText": [Function],
  "queryAllByPlaceholderText": [Function],
  "queryAllByRole": [Function],
  "queryAllByTestId": [Function],
  "queryAllByText": [Function],
  "queryAllByTitle": [Function],
  "queryByAltText": [Function],
  "queryByDisplayValue": [Function],
  "queryByLabelText": [Function],
  "queryByPlaceholderText": [Function],
  "queryByRole": [Function],
  "queryByTestId": [Function],
  "queryByText": [Function],
  "queryByTitle": [Function],
  "rerender": [Function],
  "unmount": [Function],
}
`;
